scons: Configure: Searching PATH for llvm 20.1.8 ... 
scons: Configure: Searching CXX executable ... 
scons: Configure: Searching CXX executable ... 
scons: Configure: Searching CC executable ... 
scons: Configure: Searching CXXLD executable ... 
scons: Configure: Searching CCLD executable ... 
scons: Configure: Searching LD executable ... 
scons: Configure: Searching AR executable ... 
scons: Configure: Searching RANLIB executable ... 
scons: Configure: Searching STRIP executable ... 
scons: Configure: Searching OBJCOPY executable ... 
scons: Configure: Searching for system library directory ... 
scons: Configure: Searching PKG_CONFIG ... 
scons: Configure: Searching PKG_CONFIG_PATH ...
scons: Configure: Searching pkg-config package libuv ...
scons: Configure: Checking for C library uv ... 
scons: Configure: Searching pkg-config package libunwind ...
scons: Configure: Checking for C library unwind ... 
scons: Configure: Searching pkg-config package openfec ...
scons: Configure: Checking for C library openfec ... 
scons: Configure: Checking whether OF_USE_ENCODER is declared... 
scons: Configure: Checking whether OF_USE_DECODER is declared... 
scons: Configure: Checking whether OF_USE_LDPC_STAIRCASE_CODEC is declared... 
scons: Configure: Searching pkg-config package libssl ...
scons: Configure: Checking for C library ssl ... 
scons: Configure: Searching pkg-config package speexdsp ...
scons: Configure: Checking for C library speexdsp ... 
scons: Configure: Searching pkg-config package sndfile ...
scons: Configure: Checking for C library sndfile ... 
scons: Configure: Searching pkg-config package libpulse ...
scons: Configure: Checking for C library pulse ... 
scons: Configure: Searching pkg-config package sox ...
scons: Configure: Checking for C library sox ... 
scons: Configure: Checking for executable ragel ... 
scons: Configure: Checking for executable gengetopt ... 
